// Jest Snapshot v1, https://goo.gl/fbAQLP

exports[`renders correctly 1`] = `
<Dashboard
  classes={
    Object {
      "successText": "Dashboard-successText-1",
      "upArrowCardCategory": "Dashboard-upArrowCardCategory-2",
    }
  }
/>
`;
