// Jest Snapshot v1, https://goo.gl/fbAQLP

exports[`renders correctly 1`] = `
<WithStyles(ResponsiveDrawer)>
  <main
    className="content"
  />
</WithStyles(ResponsiveDrawer)>
`;
